
==== PROBE RUN START ====
TCP type=16 obj=000000a47731000e fields=1/0,2/2,
TCP type=16 obj=a0fefb600adf3e38 fields=1/0,2/2,
TCP type=16 obj=620fd2d6bd6a78ae fields=1/0,2/2,
TCP type=16 obj=92b79049de04eac5 fields=1/0,2/2,
TCP type=16 obj=9ca9a13372781092 fields=1/0,2/2,
TCP type=16 obj=9cab33fba363e797 fields=1/0,2/2,
TCP type=16 obj=9b40f726e0af53a3 fields=1/0,2/2,
TCP type=16 obj=35b749000fe1bdd0 fields=1/0,2/2,
TCP type=16 obj=bfe9d3bb945d06da fields=1/0,2/2,
TCP type=16 obj=a6fe6213b2f76599 fields=1/0,2/2,
TCP type=16 obj=dd350a07e61eb70d fields=1/0,2/2,
TCP type=16 obj=dd3446f736febf3c fields=1/0,2/2,
TCP type=16 obj=dd368068294c0762 fields=1/0,2/2,
TCP type=16 obj=c464bebc9000b3d7 fields=1/0,2/2,
TCP type=16 obj=3f5c5de90fa14047 fields=1/0,2/2,
TCP type=16 obj=ff710cf3501465ae fields=1/0,2/2,
TCP type=16 obj=7113e5764e8c13b9 fields=1/0,2/2,
TCP type=16 obj=e184880a3bfc17ec fields=1/0,2/2,
TCP type=16 obj=f723aca203948ddd fields=1/0,2/2,
TCP type=16 obj=f6f8b3dfbee8fe93 fields=1/0,2/2,
TCP type=16 obj=0c7f28a077a920c4 fields=1/0,2/2,
TCP type=16 obj=712c4aa234deb219 fields=1/0,2/2,
TCP type=16 obj=6de465033f1d8e93 fields=1/0,2/2,
TCP type=16 obj=f6f9d67941dbb17a fields=1/0,2/2,
TCP type=16 obj=9a7a8b66a5a55358 fields=1/0,2/2,
TCP type=16 obj=923169a809f83881 fields=1/0,2/2,
TCP type=16 obj=7351320716c6b76e fields=1/0,2/2,
TCP type=16 obj=bfc040dc1175bd65 fields=1/0,2/2,
TCP type=16 obj=96ef463e47bd42af fields=1/0,2/2,
TCP type=16 obj=dd53ff94981fad2f fields=1/0,2/2,
TCP type=16 obj=70f58c9f91e901c5 fields=1/0,2/2,
TCP type=16 obj=11fb28dee393c73a fields=1/0,2/2,
TCP type=16 obj=da3d80450e35411a fields=1/0,2/2,
TCP type=16 obj=7217c58942c77e60 fields=1/0,2/2,
TCP type=16 obj=8d5aca0e747a72b2 fields=1/0,2/2,
TCP type=16 obj=45ba4dbf3cc2ca5d fields=1/0,2/2,
TCP type=16 obj=45ba4dbf3cc2ca63 fields=1/0,2/2,
TCP type=16 obj=a5e42838b7dc4459 fields=1/0,2/2,
TCP type=16 obj=cce7bbff8fc38f21 fields=1/0,2/2,
TCP type=16 obj=15eb79155138e6b1 fields=1/0,2/2,
TCP type=16 obj=2643402e9151f97a fields=1/0,2/2,
TCP type=16 obj=682347fd11b6d62e fields=1/0,2/2,
TCP type=16 obj=9f7a7f385618239c fields=1/0,2/2,
TCP type=16 obj=682347fd11b6d638 fields=1/0,2/2,
TCP type=16 obj=682347fd11b6d632 fields=1/0,2/2,
TCP type=16 obj=bd2a003a406ab2c2 fields=1/0,2/2,
TCP type=16 obj=bd2a003a406aafa4 fields=1/0,2/2,
TCP type=16 obj=2bf07b80ffc41bd8 fields=1/0,2/2,
TCP type=16 obj=2bf07b80ffc418ba fields=1/0,2/2,
TCP type=16 obj=bd2ad3ba254a6232 fields=1/0,2/2,
TCP type=16 obj=f90152256f17437f fields=1/0,2/2,
TCP type=16 obj=202bcdd87e8b4918 fields=1/0,2/2,
TCP type=16 obj=ef7d006543f1f361 fields=1/0,2/2,
TCP type=16 obj=8a504fc38000e60e fields=1/0,2/2,
TCP type=16 obj=09b92db69e7dec36 fields=1/0,2/2,
TCP type=16 obj=5f947f6f1eff713f fields=1/0,2/2,
TCP type=16 obj=ee438c9c8cda39cb fields=1/0,2/2,
TCP type=16 obj=0c0888b1fc1b6a63 fields=1/0,2/2,
TCP type=16 obj=54ecd560fed9a72b fields=1/0,2/2,
TCP type=16 obj=46ee7daa05c6865b fields=1/0,2/2,
TCP type=16 obj=86a543491dee40b7 fields=1/0,2/2,
TCP type=16 obj=0020cb9363d774fc fields=1/0,2/2,
TCP type=16 obj=cf84a12d91ee8d5b fields=1/0,2/2,
TCP type=16 obj=beb95e94d29cb3c1 fields=1/0,2/2,
TCP type=16 obj=0000000005499342 fields=1/0,2/2,
TCP type=16 obj=00000000051902ca fields=1/0,2/2,
TCP type=16 obj=3ed0a4d40cbf6309 fields=1/0,2/2,
TCP type=16 obj=592beebaa6ba91ab fields=1/0,2/2,
TCP type=18 obj=592beebaa6ba91ab fields=1/0,2/2,
TCP type=16 obj=0c7f66c7410f63f0 fields=1/0,2/2,
TCP type=18 obj=0c7f66c7410f63f0 fields=1/2,
TCP type=16 obj=0c7f66c741808b9a fields=1/0,2/2,
TCP type=16 obj=3dec846af3916475 fields=1/0,2/2,
TCP type=16 obj=4f81efdde48c86fd fields=1/0,2/2,
TCP type=16 obj=41cea536968c04a6 fields=1/0,2/2,
TCP type=16 obj=e6a2a9491020701c fields=1/0,2/2,
TCP type=16 obj=000000021ca5df24 fields=1/0,2/2,
TCP type=16 obj=0cc6798ab2175195 fields=1/0,2/2,
TCP type=16 obj=000040a856dd7876 fields=1/0,2/2,
TCP type=16 obj=000000a3e2720a9b fields=1/0,2/2,
TCP type=16 obj=002061852c796b7a fields=1/0,2/2,
TCP type=16 obj=000052130fa6474f fields=1/0,2/2,
TCP type=16 obj=db1eb3a615afc5aa fields=1/0,2/2,
TCP type=16 obj=82d613914ce4f468 fields=1/0,2/2,
TCP type=16 obj=6ca2dc2169169624 fields=1/0,2/2,
TCP type=16 obj=6d8706c2eb6422d0 fields=1/0,2/2,
TCP type=16 obj=75ad4936bbbd92e7 fields=1/0,2/2,
TCP type=16 obj=6d5de298118b1db1 fields=1/0,2/2,
TCP type=16 obj=75ad4cf37809a2bd fields=1/0,2/2,
TCP type=17 obj=75ad4cf37809a2bd fields=1/2,2/5,4/0,
     prepare hex: 0a 3a 08 02 12 0f 49 6e 74 65 67 72 61 74 65 64 20 44 69 61 6c 1a 04 4c 4b 46 53 28 0f 30 01 38 01 41 00 00 00 00 00 80 51 c0 49 00 00 00 00 00 00 64 40 51 00 00 00 00 00 80 51 c0 15 00 00 b8 c1 20 01
TCP type=16 obj=4575363ebfb4e707 fields=1/0,2/2,
TCP type=18 obj=4575363ebfb4e707 fields=1/0,2/2,
TCP type=17 obj=4575363ebfb4e707 fields=1/0,2/0,3/0,5/0,
     prepare hex: 08 02 10 02 18 73 28 01
TCP type=16 obj=75ad4cf37809a2be fields=1/0,2/2,
TCP type=17 obj=75ad4cf37809a2be fields=1/2,2/5,4/0,
     prepare hex: 0a 31 08 02 12 08 4c 52 41 20 44 69 61 6c 1a 02 4c 4b 28 10 30 01 38 01 41 00 00 00 00 00 80 51 c0 49 00 00 00 00 00 00 64 40 51 00 00 00 00 00 80 51 c0 15 00 50 c3 c7 20 01
TCP type=16 obj=54a2c334be225bcc fields=1/0,2/2,
TCP type=18 obj=54a2c334be225bcc fields=1/0,2/2,
TCP type=17 obj=54a2c334be225bcc fields=1/0,2/0,3/0,5/0,
     prepare hex: 08 02 10 02 18 73 28 01
TCP type=16 obj=75ad4cf37809a2bf fields=1/0,2/2,
TCP type=17 obj=75ad4cf37809a2bf fields=1/2,2/5,4/0,
     prepare hex: 0a 35 08 02 12 0a 49 6e 74 65 67 72 61 74 65 64 1a 04 4c 4b 46 53 28 11 30 01 38 01 41 00 00 00 60 66 66 61 c0 49 00 00 00 00 00 00 5e 40 51 00 00 00 60 66 66 61 c0 15 00 00 b8 c1 20 01
TCP type=16 obj=63d0502abc8fd091 fields=1/0,2/2,
TCP type=17 obj=63d0502abc8fd091 fields=1/0,2/0,3/0,5/0,
     prepare hex: 08 02 10 02 18 73 28 01
TCP type=16 obj=75ad4cf37809a2c0 fields=1/0,2/2,
TCP type=17 obj=75ad4cf37809a2c0 fields=1/2,2/5,4/0,
     prepare hex: 0a 37 08 02 12 0e 4c 6f 75 64 6e 65 73 73 20 52 61 6e 67 65 1a 02 4c 4b 28 12 30 01 38 01 41 00 00 00 00 00 80 51 c0 49 00 00 00 00 00 00 64 40 51 00 00 00 00 00 80 51 c0 15 00 50 c3 c7 20 01
TCP type=16 obj=72fddd20bafd4556 fields=1/0,2/2,
TCP type=17 obj=72fddd20bafd4556 fields=1/0,2/0,3/0,5/0,
     prepare hex: 08 02 10 02 18 73 28 01
TCP type=16 obj=75ad4cf37809a2c1 fields=1/0,2/2,
TCP type=17 obj=75ad4cf37809a2c1 fields=1/2,2/5,
     prepare hex: 0a 2e 08 02 12 08 44 69 61 6c 6f 67 75 65 1a 01 25 28 13 30 01 41 00 00 00 00 00 00 f0 bf 49 00 00 00 00 00 00 5e 40 51 00 00 00 00 00 00 f0 bf 15 00 50 c3 c7
TCP type=16 obj=822b6a16b96aba1b fields=1/0,2/2,
TCP type=17 obj=822b6a16b96aba1b fields=1/0,2/0,3/0,5/0,
     prepare hex: 08 02 10 02 18 73 28 01
TCP type=16 obj=75ad4cf37809a2c2 fields=1/0,2/2,
TCP type=17 obj=75ad4cf37809a2c2 fields=1/2,2/5,3/0,4/0,
     prepare hex: 0a 38 08 02 12 0d 54 72 75 65 20 50 65 61 6b 20 4d 61 78 1a 04 64 42 46 53 28 14 30 01 38 02 41 00 00 00 00 00 00 f0 bf 49 00 00 00 00 00 00 5e 40 51 00 00 00 00 00 00 f0 bf 15 00 50 c3 c7 18 01 20 01
TCP type=16 obj=9158f70cb7d82ee0 fields=1/0,2/2,
TCP type=17 obj=9158f70cb7d82ee0 fields=1/0,2/0,3/0,5/0,
     prepare hex: 08 02 10 02 18 73 28 01
TCP type=16 obj=75ad4cf37809a2c3 fields=1/0,2/2,
TCP type=17 obj=75ad4cf37809a2c3 fields=1/2,2/5,4/0,
     prepare hex: 0a 21 08 02 12 0a 53 68 6f 72 74 2d 54 65 72 6d 1a 04 4c 4b 46 53 28 15 30 01 49 00 00 00 00 00 c0 6c 40 15 00 50 c3 c7 20 01
TCP type=16 obj=a0868402b645a3a5 fields=1/0,2/2,
TCP type=17 obj=a0868402b645a3a5 fields=1/0,2/0,3/0,5/0,
     prepare hex: 08 02 10 02 18 73 28 01
TCP type=16 obj=75ad4cf37809a2c4 fields=1/0,2/2,
TCP type=16 obj=afb410f8b4b3186a fields=1/0,2/2,
TCP type=17 obj=afb410f8b4b3186a fields=1/0,2/0,3/0,5/0,
     prepare hex: 08 02 10 02 18 73 28 01
TCP type=16 obj=75ad4cf37809a2c5 fields=1/0,2/2,
TCP type=17 obj=75ad4cf37809a2c5 fields=1/2,2/5,4/0,
     prepare hex: 0a 32 08 02 12 09 4d 6f 6d 65 6e 74 61 72 79 1a 04 4c 4b 46 53 28 17 30 01 41 00 00 00 00 00 80 51 c0 49 00 00 00 00 00 00 64 40 51 00 00 00 00 00 80 51 c0 15 00 50 c3 c7 20 01
TCP type=16 obj=bee19deeb3208d2f fields=1/0,2/2,
TCP type=17 obj=bee19deeb3208d2f fields=1/0,2/0,3/0,5/0,
     prepare hex: 08 02 10 02 18 73 28 01
TCP type=16 obj=6d5f5c0e5bcd34c1 fields=1/0,2/2,
TCP type=17 obj=6d5f5c0e5bcd34c1 fields=1/2,2/5,3/0,4/0,
     prepare hex: 0a 38 08 02 12 0d 4d 6f 6d 65 6e 74 61 72 79 20 4d 61 78 1a 04 4c 4b 46 53 28 18 30 01 38 02 41 00 00 00 00 00 80 51 c0 49 00 00 00 00 00 00 64 40 51 00 00 00 00 00 80 51 c0 15 00 50 c3 c7 18 01 20 01
TCP type=16 obj=817af81dc712141b fields=1/0,2/2,
TCP type=17 obj=817af81dc712141b fields=1/0,2/0,3/0,5/0,
     prepare hex: 08 02 10 02 18 73 28 01
TCP type=16 obj=00000000000cf1a7 fields=1/0,2/2,
TCP type=16 obj=000052130fa64a00 fields=1/0,2/2,
TCP type=16 obj=0b94368d39bffc21 fields=1/0,2/2,
TCP type=16 obj=8b4c6fce7abbbd6b fields=1/0,2/2,
TCP type=16 obj=cf63f22b7613af1d fields=1/0,2/2,
TCP type=16 obj=6be03e624c48f882 fields=1/0,2/2,
TCP type=17 obj=000000a47731000e fields=1/0,2/0,3/0,5/0,6/2,6/2,8/0,9/0,
     prepare hex: 08 02 10 02 18 02 28 01 32 03 42 79 70 32 06 42 79 70 61 73 73 40 01 48 01
TCP type=18 obj=000000a47731000e fields=1/0,2/2,
TCP type=17 obj=a0fefb600adf3e38 fields=1/2,3/1,5/0,6/1,8/1,11/1,
     prepare hex: 0a 21 08 02 10 02 18 0f 28 01 32 05 44 65 6c 61 79 32 0c 47 6c 6f 62 61 6c 20 44 65 6c 61 79 40 01 48 01 19 00 00 00 00 00 40 8f 40 28 02 31 00 00 00 20 85 eb b1 3f 41 00 00 00 00 00 40 8f 40 59 00 00 00 00 00 00 f0 3f
TCP type=18 obj=a0fefb600adf3e38 fields=(empty body)
TCP type=17 obj=620fd2d6bd6a78ae fields=1/0,2/0,3/0,5/0,6/2,6/2,6/2,8/0,9/0,
     prepare hex: 08 02 10 02 18 02 28 01 32 04 54 50 48 51 32 05 54 50 6b 48 51 32 16 54 72 75 65 20 50 65 61 6b 20 48 69 67 68 20 51 75 61 6c 69 74 79 40 01 48 01
TCP type=18 obj=620fd2d6bd6a78ae fields=1/0,2/2,
TCP type=17 obj=92b79049de04eac5 fields=1/2,3/0,3/0,3/0,3/0,
     prepare hex: 0a 2d 08 02 10 02 18 23 28 01 32 04 33 36 30 56 32 08 33 36 30 20 56 69 65 77 32 11 33 36 30 20 53 65 6c 65 63 74 65 64 20 56 69 65 77 48 01 18 00 18 01 18 02 18 03
TCP type=18 obj=92b79049de04eac5 fields=(empty body)
TCP type=17 obj=9ca9a13372781092 fields=1/2,2/5,3/0,3/0,3/0,3/0,3/0,
     prepare hex: 0a 26 08 02 10 02 18 23 28 01 32 05 50 6b 48 6c 64 32 11 44 69 67 69 74 61 6c 20 50 65 61 6b 20 48 6f 6c 64 40 01 48 01 15 00 00 00 40 18 00 18 01 18 02 18 03 18 04
TCP type=18 obj=9ca9a13372781092 fields=1/1,
TCP type=17 obj=9cab33fba363e797 fields=1/0,2/0,3/0,5/0,6/2,6/2,6/2,8/0,9/0,
     prepare hex: 08 02 10 02 18 02 28 01 32 03 54 50 6b 32 06 54 72 75 65 50 6b 32 11 44 69 67 69 74 61 6c 20 54 72 75 65 20 50 65 61 6b 40 01 48 01
TCP type=18 obj=9cab33fba363e797 fields=1/0,2/2,
TCP type=17 obj=9b40f726e0af53a3 fields=1/2,2/1,3/1,5/0,6/1,7/1,8/1,11/1,14/5,
     prepare hex: 0a 22 08 02 10 02 18 0f 28 01 32 03 49 6e 74 32 0f 52 4d 53 20 49 6e 74 65 67 72 61 74 69 6f 6e 40 01 48 01 11 00 00 00 00 00 00 24 40 19 00 00 00 00 00 88 b3 40 28 02 31 00 00 00 e0 4d 62 90 3f 39 00 00 00 00 00 00 24 40 41 00 00 00 00 00 88 b3 40 59 00 00 00 00 00 00 f0 3f 75 00 00 fa ...
TCP type=18 obj=9b40f726e0af53a3 fields=1/1,
TCP type=17 obj=35b749000fe1bdd0 fields=1/2,3/0,3/0,3/0,3/0,3/0,3/0,3/0,
     prepare hex: 0a 27 08 02 10 02 18 23 28 01 32 04 44 4d 74 72 32 13 44 69 67 69 74 61 6c 20 4d 65 74 65 72 73 20 54 79 70 65 40 01 48 01 18 00 18 01 18 02 18 03 18 04 18 05 18 06
TCP type=18 obj=35b749000fe1bdd0 fields=(empty body)
TCP type=17 obj=bfe9d3bb945d06da fields=1/2,3/0,3/0,3/0,3/0,3/0,3/0,3/0,3/0,3/0,3/0,3/0,3/0,3/0,3/0,3/0,3/0,3/0,3/0,3/0,3/0,3/0,3/0,3/0,3/0,3/0,
     prepare hex: 0a 2b 08 02 10 01 18 23 28 01 32 04 43 68 46 74 32 07 43 68 61 6e 46 6d 74 32 0e 43 68 61 6e 6e 65 6c 20 46 6f 72 6d 61 74 40 01 48 01 18 00 18 03 18 04 18 05 18 06 18 07 18 08 18 09 18 0a 18 0b 18 0c 18 0d 18 0e 18 0f 18 10 18 11 18 12 18 13 18 14 18 15 18 16 18 17 18 18 18 19 18 1a
TCP type=18 obj=bfe9d3bb945d06da fields=(empty body)
TCP type=17 obj=a6fe6213b2f76599 fields=1/2,3/0,3/0,
     prepare hex: 0a 21 08 02 10 02 18 23 28 01 32 04 41 4d 64 65 32 0d 41 6e 61 6c 6f 67 75 65 20 4d 6f 64 65 40 01 48 01 18 00 18 01
TCP type=18 obj=a6fe6213b2f76599 fields=(empty body)
TCP type=17 obj=dd350a07e61eb70d fields=1/2,2/1,5/0,6/1,7/1,11/1,14/5,
     prepare hex: 0a 2b 08 02 10 02 18 03 28 01 32 03 52 65 66 32 18 41 6e 61 6c 6f 67 75 65 20 52 65 66 65 72 65 6e 63 65 20 4c 65 76 65 6c 40 01 48 01 11 00 00 00 00 00 00 42 c0 28 02 31 00 00 00 00 00 00 f0 3f 39 00 00 00 00 00 00 42 c0 59 00 00 00 00 00 00 f0 3f 75 00 00 90 c1
TCP type=18 obj=dd350a07e61eb70d fields=1/1,
TCP type=17 obj=dd3446f736febf3c fields=1/2,2/5,3/0,3/0,3/0,
     prepare hex: 0a 27 08 02 10 02 18 23 28 01 32 04 4d 61 78 4e 32 13 41 6e 61 6c 6f 67 75 65 20 4d 61 78 20 4e 65 65 64 6c 65 40 01 48 01 15 00 00 80 3f 18 00 18 01 18 02
TCP type=18 obj=dd3446f736febf3c fields=1/1,
TCP type=17 obj=dd368068294c0762 fields=1/2,2/5,3/0,3/0,3/0,
     prepare hex: 0a 20 08 02 10 02 18 23 28 01 32 04 30 64 42 75 32 0c 30 20 56 55 20 4c 69 6e 65 2d 55 70 40 01 48 01 15 00 00 80 3f 18 00 18 01 18 02
TCP type=18 obj=dd368068294c0762 fields=1/1,
TCP type=17 obj=c464bebc9000b3d7 fields=1/2,3/0,3/0,3/0,
     prepare hex: 0a 28 08 02 10 02 18 23 28 01 32 04 41 44 46 6d 32 14 41 6e 61 6c 6f 67 75 65 20 44 75 61 6c 20 46 6f 72 6d 61 74 40 01 48 01 18 00 18 01 18 02
TCP type=18 obj=c464bebc9000b3d7 fields=(empty body)
TCP type=17 obj=3f5c5de90fa14047 fields=1/2,3/0,3/0,3/0,3/0,3/0,3/0,3/0,3/0,3/0,3/0,3/0,3/0,3/0,3/0,3/0,3/0,
     prepare hex: 0a 39 08 02 10 01 18 23 28 01 32 04 41 43 73 4c 32 07 41 6e 61 43 73 74 4c 32 1c 41 6e 61 6c 6f 67 75 65 20 43 75 73 74 6f 6d 20 4d 65 74 65 72 20 2d 20 4c 65 66 74 40 01 48 01 18 00 18 05 18 06 18 07 18 08 18 09 18 0a 18 0b 18 0c 18 0d 18 0e 18 0f 18 10 18 11 18 12 18 13
TCP type=18 obj=3f5c5de90fa14047 fields=(empty body)
TCP type=17 obj=ff710cf3501465ae fields=1/2,2/5,3/0,3/0,3/0,3/0,3/0,3/0,3/0,3/0,3/0,3/0,3/0,3/0,3/0,3/0,3/0,3/0,
     prepare hex: 0a 3a 08 02 10 01 18 23 28 01 32 04 41 43 73 52 32 07 41 6e 61 43 73 74 52 32 1d 41 6e 61 6c 6f 67 75 65 20 43 75 73 74 6f 6d 20 4d 65 74 65 72 20 2d 20 52 69 67 68 74 40 01 48 01 15 00 00 20 41 18 00 18 05 18 06 18 07 18 08 18 09 18 0a 18 0b 18 0c 18 0d 18 0e 18 0f 18 10 18 11 18 12 18 ...
TCP type=18 obj=ff710cf3501465ae fields=1/1,
TCP type=17 obj=7113e5764e8c13b9 fields=1/2,3/1,5/0,6/1,8/1,11/1,14/5,19/0,
     prepare hex: 0a 33 08 02 10 02 18 85 01 28 01 32 06 4f 76 65 72 6c 64 32 1c 41 6e 61 6c 6f 67 75 65 20 4d 65 74 65 72 73 20 4c 45 44 20 4f 76 65 72 6c 6f 61 64 40 01 48 01 19 00 00 00 00 00 00 39 40 28 02 31 00 00 00 00 00 00 f0 3f 41 00 00 00 00 00 00 39 40 59 00 00 00 00 00 00 f0 3f 75 00 00 10 41 ...
TCP type=18 obj=7113e5764e8c13b9 fields=1/2,3/2,4/2,
TCP type=17 obj=e184880a3bfc17ec fields=1/2,2/5,3/0,3/0,3/0,3/0,3/0,3/0,3/0,
     prepare hex: 0a 27 08 02 10 02 18 23 28 01 32 04 46 61 64 65 32 13 4c 69 73 73 61 6a 6f 75 73 20 46 61 64 65 20 54 69 6d 65 40 01 48 01 15 00 00 80 40 18 00 18 01 18 02 18 03 18 04 18 05 18 06
TCP type=18 obj=e184880a3bfc17ec fields=1/1,
TCP type=17 obj=f723aca203948ddd fields=1/0,2/0,3/0,5/0,6/2,6/2,6/2,8/0,9/0,
     prepare hex: 08 02 10 02 18 02 28 01 32 04 53 6d 43 70 32 07 53 75 6d 43 6f 6d 70 32 18 41 6e 61 2f 52 54 41 20 53 75 6d 20 43 6f 6d 70 65 6e 73 61 74 69 6f 6e 40 01 48 01
TCP type=18 obj=f723aca203948ddd fields=1/0,2/2,
TCP type=17 obj=f6f8b3dfbee8fe93 fields=1/2,2/5,3/0,3/0,3/0,3/0,3/0,3/0,3/0,3/0,
     prepare hex: 0a 22 08 02 10 02 18 23 28 01 32 05 50 6b 48 6c 64 32 0d 52 54 41 20 50 65 61 6b 20 48 6f 6c 64 40 01 48 01 15 00 00 80 40 18 00 18 01 18 02 18 03 18 04 18 05 18 06 18 07
TCP type=18 obj=f6f8b3dfbee8fe93 fields=1/1,
TCP type=17 obj=0c7f28a077a920c4 fields=1/2,3/0,3/0,3/0,3/0,3/0,3/0,3/0,3/0,3/0,3/0,3/0,3/0,3/0,3/0,3/0,3/0,3/0,3/0,
     prepare hex: 0a 1e 08 02 10 02 18 23 28 01 32 04 52 53 72 63 32 0a 52 54 41 20 53 6f 75 72 63 65 40 01 48 01 18 00 18 03 18 04 18 05 18 06 18 07 18 08 18 09 18 0a 18 0b 18 0c 18 0d 18 0e 18 0f 18 10 18 11 18 12 18 13
TCP type=18 obj=0c7f28a077a920c4 fields=(empty body)
TCP type=17 obj=712c4aa234deb219 fields=1/2,3/0,3/0,3/0,
     prepare hex: 0a 2a 08 02 10 02 18 23 28 01 32 04 57 67 68 74 32 07 52 54 41 57 67 68 74 32 0d 52 54 41 20 57 65 69 67 68 74 69 6e 67 40 01 48 01 18 00 18 01 18 02
TCP type=18 obj=712c4aa234deb219 fields=(empty body)
TCP type=17 obj=6de465033f1d8e93 fields=1/2,3/0,3/0,3/0,3/0,3/0,
     prepare hex: 0a 21 08 02 10 02 18 23 28 01 32 04 52 41 76 67 32 0d 52 54 41 20 41 76 65 72 61 67 69 6e 67 40 01 48 01 18 00 18 01 18 02 18 03 18 04
TCP type=18 obj=6de465033f1d8e93 fields=(empty body)
TCP type=17 obj=f6f9d67941dbb17a fields=1/2,3/0,3/0,3/0,3/0,3/0,3/0,3/0,3/0,3/0,3/0,3/0,3/0,
     prepare hex: 0a 23 08 02 10 02 18 23 28 01 32 06 53 63 6c 54 6f 70 32 0d 52 54 41 20 53 63 61 6c 65 20 54 6f 70 40 01 48 01 18 00 18 01 18 02 18 03 18 04 18 05 18 06 18 07 18 08 18 09 18 0a 18 0b
TCP type=18 obj=f6f9d67941dbb17a fields=(empty body)
TCP type=17 obj=9a7a8b66a5a55358 fields=1/2,2/5,3/0,3/0,3/0,3/0,3/0,3/0,3/0,3/0,3/0,3/0,3/0,3/0,
     prepare hex: 0a 26 08 02 10 02 18 23 28 01 32 06 53 63 6c 42 74 6d 32 10 52 54 41 20 53 63 61 6c 65 20 42 6f 74 74 6f 6d 40 01 48 01 15 00 00 30 41 18 00 18 01 18 02 18 03 18 04 18 05 18 06 18 07 18 08 18 09 18 0a 18 0b
TCP type=18 obj=9a7a8b66a5a55358 fields=1/1,
TCP type=17 obj=923169a809f83881 fields=1/2,3/0,3/0,3/0,3/0,3/0,3/0,3/0,3/0,3/0,3/0,3/0,3/0,3/0,3/0,3/0,3/0,3/0,3/0,3/0,3/0,3/0,3/0,3/0,3/0,3/0,3/0,3/0,3/0,3/0,3/0,3/0,3/0,
     prepare hex: 0a 28 08 02 10 02 18 23 28 01 32 07 53 65 6c 46 72 65 71 32 11 52 54 41 20 53 65 6c 65 63 74 65 64 20 42 61 6e 64 40 01 48 01 18 00 18 01 18 02 18 03 18 04 18 05 18 06 18 07 18 08 18 09 18 0a 18 0b 18 0c 18 0d 18 0e 18 0f 18 10 18 11 18 12 18 13 18 14 18 15 18 16 18 17 18 18 18 19 18 1a ...
TCP type=18 obj=923169a809f83881 fields=(empty body)
TCP type=17 obj=7351320716c6b76e fields=1/2,2/5,3/0,3/0,3/0,3/0,3/0,
     prepare hex: 0a 3b 08 02 10 02 18 23 28 01 32 04 4c 4d 73 72 32 07 4c 64 4d 73 72 4f 70 32 1e 4c 6f 75 64 6e 65 73 73 20 4d 65 61 73 75 72 65 6d 65 6e 74 20 4f 70 65 72 61 74 69 6f 6e 40 01 48 01 15 00 00 00 40 18 00 18 01 18 02 18 03 18 04
TCP type=18 obj=7351320716c6b76e fields=1/1,
TCP type=17 obj=bfc040dc1175bd65 fields=1/2,2/1,3/1,6/1,7/1,8/1,11/1,14/5,15/1,15/1,15/1,15/1,15/1,15/1,15/1,15/1,15/1,15/1,15/1,15/1,15/1,15/1,15/1,15/1,15/1,15/1,15/1,15/1,15/1,15/1,15/1,15/1,15/1,15/1,15/1,15/1,15/1,15/1,15/1,15/1,15/1,15/1,
     prepare hex: 0a 3b 08 02 10 02 18 85 01 28 01 32 04 4c 57 64 77 32 08 4c 64 48 73 74 57 64 77 32 1c 4c 6f 75 64 6e 65 73 73 20 48 69 73 74 6f 72 79 20 57 69 6e 64 6f 77 20 53 69 7a 65 40 01 48 01 11 00 00 00 00 00 00 f0 bf 19 00 00 00 00 00 18 f5 40 31 00 00 00 00 00 00 f0 3f 39 00 00 00 00 00 00 f0 ...
TCP type=18 obj=bfc040dc1175bd65 fields=1/2,3/2,
TCP type=17 obj=96ef463e47bd42af fields=1/0,2/0,3/0,5/0,6/2,6/2,8/0,9/0,
     prepare hex: 08 02 10 02 18 02 28 01 32 0a 41 75 74 6f 53 63 72 6f 6c 6c 32 17 4c 6f 75 64 6e 65 73 73 20 48 69 73 74 6f 72 79 20 53 63 72 6f 6c 6c 40 01 48 01
TCP type=18 obj=96ef463e47bd42af fields=1/0,2/2,
TCP type=17 obj=dd53ff94981fad2f fields=1/0,2/0,3/0,5/0,6/2,6/2,6/2,8/0,9/0,
     prepare hex: 08 02 10 02 18 02 28 01 32 04 4c 50 6c 79 32 06 4c 64 50 6c 61 79 32 13 4c 6f 75 64 6e 65 73 73 20 50 6c 61 79 2f 50 61 75 73 65 40 01 48 01
TCP type=18 obj=dd53ff94981fad2f fields=1/0,2/2,
TCP type=17 obj=70f58c9f91e901c5 fields=1/0,2/0,3/0,5/0,6/2,6/2,8/0,9/0,
     prepare hex: 08 02 10 02 18 02 28 01 32 05 54 72 75 65 50 32 12 4c 6f 75 64 6e 65 73 73 20 54 72 75 65 20 50 65 61 6b 40 01 48 01
TCP type=18 obj=70f58c9f91e901c5 fields=1/0,2/2,
TCP type=17 obj=11fb28dee393c73a fields=1/0,2/0,3/0,5/0,6/2,6/2,8/0,9/0,
     prepare hex: 08 02 10 02 18 02 28 01 32 04 44 69 61 6c 32 12 44 69 61 6c 6f 67 75 65 20 44 65 74 65 63 74 69 6f 6e 40 01 48 01
TCP type=18 obj=11fb28dee393c73a fields=1/0,2/2,
TCP type=17 obj=da3d80450e35411a fields=1/2,3/1,5/0,6/1,8/1,11/1,19/0,
     prepare hex: 0a 2f 08 02 10 02 18 85 01 28 01 32 06 4d 69 6e 44 69 61 32 18 4d 69 6e 69 6d 75 6d 20 44 69 61 6c 6f 67 75 65 20 43 6f 6e 74 65 6e 74 40 01 48 01 19 00 00 00 00 00 00 59 40 28 02 31 00 00 00 00 00 00 f0 3f 41 00 00 00 00 00 00 59 40 59 00 00 00 00 00 00 f0 3f 98 01 01
TCP type=18 obj=da3d80450e35411a fields=1/2,3/2,4/2,
TCP type=17 obj=7217c58942c77e60 fields=1/2,2/5,3/0,3/0,3/0,
     prepare hex: 0a 37 08 02 10 02 18 23 28 01 32 05 47 61 74 65 4d 32 08 47 61 74 65 4d 6f 64 65 32 18 49 6e 74 20 4c 6f 75 64 6e 65 73 73 20 47 61 74 69 6e 67 20 4d 6f 64 65 40 01 48 01 15 00 00 00 40 18 00 18 01 18 02
TCP type=18 obj=7217c58942c77e60 fields=1/1,
TCP type=17 obj=8d5aca0e747a72b2 fields=1/0,2/0,3/0,5/0,6/2,6/2,8/0,9/0,
     prepare hex: 08 02 10 02 18 02 28 01 32 05 4f 76 72 6c 70 32 12 49 6e 74 65 67 72 61 74 65 64 20 4f 76 65 72 6c 61 70 40 01 48 01
TCP type=18 obj=8d5aca0e747a72b2 fields=1/0,2/2,
TCP type=17 obj=45ba4dbf3cc2ca5d fields=1/2,2/1,3/1,5/0,6/1,7/1,8/1,11/1,14/5,
     prepare hex: 0a 41 08 02 10 02 18 0f 28 01 32 03 4d 6f 6d 32 12 4d 6f 6d 65 6e 74 61 72 79 20 49 6e 74 20 54 69 6d 65 32 1a 4d 6f 6d 65 6e 74 61 72 79 20 49 6e 74 65 67 72 61 74 69 6f 6e 20 54 69 6d 65 40 01 48 01 11 00 00 00 00 00 00 24 40 19 00 00 00 00 00 40 8f 40 28 02 31 00 00 00 40 33 33 c3 3f ...
TCP type=18 obj=45ba4dbf3cc2ca5d fields=1/1,
TCP type=17 obj=45ba4dbf3cc2ca63 fields=1/2,2/1,3/1,5/0,6/1,7/1,8/1,11/1,14/5,
     prepare hex: 0a 41 08 02 10 02 18 89 01 28 01 32 05 53 68 6f 72 74 32 0e 53 68 6f 72 74 20 49 6e 74 20 54 69 6d 65 32 1b 53 68 6f 72 74 2d 54 65 72 6d 20 49 6e 74 65 67 72 61 74 69 6f 6e 20 54 69 6d 65 40 01 48 01 11 00 00 00 00 00 00 f0 3f 19 00 00 00 00 00 00 4e 40 28 02 31 00 00 00 00 00 00 f0 3f ...
TCP type=18 obj=45ba4dbf3cc2ca63 fields=1/1,
TCP type=17 obj=a5e42838b7dc4459 fields=1/0,2/0,3/0,5/0,6/2,6/2,8/0,9/0,
     prepare hex: 08 02 10 02 18 02 28 01 32 04 4d 6f 64 65 32 0d 4c 6f 75 64 6e 65 73 73 20 4d 6f 64 65 40 01 48 01
TCP type=18 obj=a5e42838b7dc4459 fields=1/0,2/2,
TCP type=17 obj=cce7bbff8fc38f21 fields=1/2,2/1,3/1,5/0,6/1,7/1,8/1,11/1,14/5,
     prepare hex: 0a 2f 08 02 10 02 18 03 28 01 32 04 53 75 72 72 32 1b 4c 6f 75 64 6e 65 73 73 20 53 75 72 72 6f 75 6e 64 20 57 65 69 67 68 74 69 6e 67 40 01 48 01 11 00 00 00 00 00 00 f8 bf 19 00 00 00 00 00 00 f8 3f 28 02 31 00 00 00 00 00 00 f0 3f 39 00 00 00 00 00 00 f8 bf 41 00 00 00 00 00 00 f8 3f ...
TCP type=18 obj=cce7bbff8fc38f21 fields=1/1,
TCP type=17 obj=15eb79155138e6b1 fields=1/2,2/1,3/1,5/0,6/1,7/1,8/1,11/1,14/5,19/0,
     prepare hex: 0a 30 08 02 10 02 18 85 01 28 0f 32 05 54 61 72 67 74 32 1a 4c 6f 75 64 6e 65 73 73 20 49 6e 74 65 67 72 61 74 65 64 20 54 61 72 67 65 74 40 01 48 01 11 00 00 00 00 00 00 42 c0 19 00 00 00 00 00 00 5e 40 28 02 31 00 00 00 00 00 00 f0 3f 39 00 00 00 00 00 00 42 c0 41 00 00 00 00 00 00 5e ...
TCP type=18 obj=15eb79155138e6b1 fields=1/2,3/2,4/2,
TCP type=17 obj=2643402e9151f97a fields=1/2,3/1,5/0,6/1,8/1,11/1,
     prepare hex: 0a 37 08 02 10 02 18 51 28 0e 32 03 56 61 72 32 08 4c 64 54 67 54 56 61 72 32 1a 49 6e 74 65 67 72 61 74 65 64 20 54 61 72 67 65 74 20 56 61 72 69 61 6e 63 65 40 01 48 01 19 00 00 00 00 00 00 34 40 28 02 31 00 00 00 40 33 33 c3 3f 41 00 00 00 00 00 00 34 40 59 00 00 00 00 00 00 f0 3f
TCP type=18 obj=2643402e9151f97a fields=1/1,
TCP type=17 obj=682347fd11b6d62e fields=1/0,2/0,3/0,5/0,6/2,6/2,6/2,8/0,9/0,
     prepare hex: 08 02 10 02 18 02 28 01 32 05 49 41 6c 72 74 32 06 4c 64 49 6e 74 41 32 19 49 6e 74 65 67 72 61 74 65 64 20 4c 6f 75 64 6e 65 73 73 20 41 6c 65 72 74 40 01 48 01
TCP type=18 obj=682347fd11b6d62e fields=1/0,2/2,
TCP type=17 obj=9f7a7f385618239c fields=1/0,2/0,3/0,5/0,6/2,6/2,6/2,8/0,9/0,
     prepare hex: 08 02 10 02 18 02 28 01 32 06 49 44 41 6c 72 74 32 07 4c 64 49 6e 74 44 41 32 1b 49 6e 74 20 4c 6f 75 64 6e 65 73 73 20 44 69 61 6c 6f 67 75 65 20 41 6c 65 72 74 40 01 48 01
TCP type=18 obj=9f7a7f385618239c fields=1/0,2/2,
TCP type=17 obj=682347fd11b6d638 fields=1/2,2/1,3/1,6/1,7/1,8/1,11/1,14/5,15/1,15/1,15/1,16/1,16/1,16/1,18/0,19/0,
     prepare hex: 0a 29 08 02 10 02 18 85 01 28 0f 32 04 53 6d 61 78 32 14 53 68 6f 72 74 20 54 65 72 6d 20 4d 61 78 20 41 6c 65 72 74 40 01 48 01 11 00 00 00 00 00 80 51 c0 19 00 00 00 00 00 38 8f 40 31 00 00 00 a0 99 99 c9 3f 39 00 00 00 00 00 80 51 c0 41 00 00 00 00 00 00 5e 40 59 00 00 00 00 00 00 f0 ...
TCP type=18 obj=682347fd11b6d638 fields=1/2,3/2,
TCP type=17 obj=682347fd11b6d632 fields=1/2,2/1,3/1,6/1,7/1,8/1,11/1,14/5,15/1,15/1,15/1,16/1,16/1,16/1,18/0,19/0,
     prepare hex: 0a 28 08 02 10 02 18 85 01 28 0f 32 04 4d 6d 61 78 32 13 4d 6f 6d 65 6e 74 61 72 79 20 4d 61 78 20 41 6c 65 72 74 40 01 48 01 11 00 00 00 00 00 80 51 c0 19 00 00 00 00 00 38 8f 40 31 00 00 00 a0 99 99 c9 3f 39 00 00 00 00 00 80 51 c0 41 00 00 00 00 00 00 5e 40 59 00 00 00 00 00 00 f0 3f ...
TCP type=18 obj=682347fd11b6d632 fields=1/2,3/2,
TCP type=17 obj=bd2a003a406ab2c2 fields=1/2,3/1,5/0,6/1,8/1,11/1,
     prepare hex: 0a 2d 08 02 10 02 18 51 28 0e 32 05 52 67 6d 69 6e 32 18 4c 6f 75 64 6e 65 73 73 20 52 61 6e 67 65 20 4d 69 6e 20 41 6c 65 72 74 40 01 48 01 19 00 00 00 00 00 00 3d 40 28 02 31 00 00 00 00 00 00 f0 3f 41 00 00 00 00 00 00 3d 40 59 00 00 00 00 00 00 f0 3f
TCP type=18 obj=bd2a003a406ab2c2 fields=(empty body)
TCP type=17 obj=bd2a003a406aafa4 fields=1/2,2/1,3/1,5/0,6/1,7/1,8/1,11/1,14/5,
     prepare hex: 0a 2d 08 02 10 02 18 51 28 0e 32 05 52 67 6d 61 78 32 18 4c 6f 75 64 6e 65 73 73 20 52 61 6e 67 65 20 4d 61 78 20 41 6c 65 72 74 40 01 48 01 11 00 00 00 00 00 00 f0 3f 19 00 00 00 00 00 00 3e 40 28 02 31 00 00 00 00 00 00 f0 3f 39 00 00 00 00 00 00 f0 3f 41 00 00 00 00 00 00 3e 40 59 00 ...
TCP type=18 obj=bd2a003a406aafa4 fields=1/1,
TCP type=17 obj=2bf07b80ffc41bd8 fields=1/2,3/1,5/0,6/1,8/1,11/1,
     prepare hex: 0a 2d 08 02 10 02 18 51 28 0e 32 05 52 44 6d 69 6e 32 18 44 69 61 6c 6f 67 75 65 20 52 61 6e 67 65 20 4d 69 6e 20 41 6c 65 72 74 40 01 48 01 19 00 00 00 00 00 00 3d 40 28 02 31 00 00 00 00 00 00 f0 3f 41 00 00 00 00 00 00 3d 40 59 00 00 00 00 00 00 f0 3f
TCP type=18 obj=2bf07b80ffc41bd8 fields=(empty body)
TCP type=17 obj=2bf07b80ffc418ba fields=1/2,2/1,3/1,5/0,6/1,7/1,8/1,11/1,14/5,
     prepare hex: 0a 2d 08 02 10 02 18 51 28 0e 32 05 52 44 6d 61 78 32 18 44 69 61 6c 6f 67 75 65 20 52 61 6e 67 65 20 4d 61 78 20 41 6c 65 72 74 40 01 48 01 11 00 00 00 00 00 00 f0 3f 19 00 00 00 00 00 00 3e 40 28 02 31 00 00 00 00 00 00 f0 3f 39 00 00 00 00 00 00 f0 3f 41 00 00 00 00 00 00 3e 40 59 00 ...
TCP type=18 obj=2bf07b80ffc418ba fields=1/1,
TCP type=17 obj=bd2ad3ba254a6232 fields=1/2,2/1,3/1,6/1,7/1,11/1,14/5,15/1,15/1,15/1,16/1,16/1,16/1,18/0,19/0,
     prepare hex: 0a 29 08 02 10 02 18 85 01 28 01 32 05 54 50 4d 61 78 32 13 54 72 75 65 20 50 65 61 6b 20 4d 61 78 20 41 6c 65 72 74 40 01 48 01 11 00 00 00 00 00 00 34 c0 19 00 00 00 00 00 38 8f 40 31 00 00 00 a0 99 99 c9 3f 39 00 00 00 00 00 00 34 c0 59 00 00 00 00 00 00 f0 3f 75 fb ff 7f bf 79 00 00 ...
TCP type=18 obj=bd2ad3ba254a6232 fields=1/2,3/2,4/2,
TCP type=17 obj=f90152256f17437f fields=1/2,3/0,3/0,3/0,
     prepare hex: 0a 2e 08 02 10 02 18 23 28 01 32 04 4c 52 6e 67 32 1a 4c 6f 75 64 6e 65 73 73 20 4d 65 74 65 72 20 53 63 61 6c 65 20 52 61 6e 67 65 40 01 48 01 18 00 18 01 18 02
TCP type=18 obj=f90152256f17437f fields=(empty body)
TCP type=17 obj=202bcdd87e8b4918 fields=1/0,2/0,3/0,5/0,6/2,6/2,6/2,8/0,9/0,
     prepare hex: 08 02 10 02 18 02 28 01 32 04 4c 54 79 70 32 06 4c 64 4d 54 79 70 32 15 4c 6f 75 64 6e 65 73 73 20 44 69 73 70 6c 61 79 20 54 79 70 65 40 01 48 01
TCP type=18 obj=202bcdd87e8b4918 fields=1/0,2/2,
TCP type=17 obj=ef7d006543f1f361 fields=1/0,2/0,3/0,5/0,6/2,6/2,6/2,8/0,9/0,
     prepare hex: 08 02 10 02 18 02 28 01 32 04 4c 54 72 6d 32 06 4c 64 54 65 72 6d 32 14 4c 6f 75 64 6e 65 73 73 20 54 65 72 6d 69 6e 6f 6c 6f 67 79 40 01 48 01
TCP type=18 obj=ef7d006543f1f361 fields=1/0,2/2,
TCP type=17 obj=8a504fc38000e60e fields=1/0,2/0,3/0,5/0,6/2,6/2,8/0,9/0,
     prepare hex: 08 02 10 02 18 02 28 01 32 04 53 61 76 65 32 15 53 61 76 65 20 4c 6f 75 64 6e 65 73 73 20 48 69 73 74 6f 72 79 40 01 48 01
TCP type=18 obj=8a504fc38000e60e fields=1/0,2/2,
TCP type=17 obj=09b92db69e7dec36 fields=1/0,2/0,3/0,5/0,6/2,9/0,
     prepare hex: 08 02 10 01 18 02 28 01 32 0a 36 20 52 65 61 64 6f 75 74 73 48 01
TCP type=18 obj=09b92db69e7dec36 fields=1/0,2/2,
TCP type=17 obj=5f947f6f1eff713f fields=1/0,2/0,3/0,5/0,6/2,9/0,
     prepare hex: 08 02 10 01 18 02 28 01 32 09 48 69 73 74 6f 67 72 61 6d 48 01
TCP type=18 obj=5f947f6f1eff713f fields=1/0,2/2,
TCP type=17 obj=ee438c9c8cda39cb fields=1/2,2/0,3/0,
     prepare hex: 0a 1f 08 02 10 02 28 01 32 0a 54 72 61 63 6b 49 6e 64 65 78 32 0b 54 72 61 63 6b 20 49 6e 64 65 78 10 ff ff ff ff ff ff ff ff ff 01 18 e7 07
TCP type=18 obj=ee438c9c8cda39cb fields=1/0,
TCP type=17 obj=0c0888b1fc1b6a63 fields=1/2,2/0,3/0,
     prepare hex: 0a 1d 08 02 10 02 28 01 32 09 53 6c 6f 74 49 6e 64 65 78 32 0a 53 6c 6f 74 20 49 6e 64 65 78 10 ff ff ff ff ff ff ff ff ff 01 18 e7 07
TCP type=18 obj=0c0888b1fc1b6a63 fields=1/0,
TCP type=17 obj=54ecd560fed9a72b fields=1/2,3/0,
     prepare hex: 0a 26 08 02 10 02 28 01 32 0d 53 65 73 73 69 6f 6e 44 61 74 61 49 64 32 0f 53 65 73 73 69 6f 6e 20 44 61 74 61 20 49 44 18 ff ff ff 07
TCP type=18 obj=54ecd560fed9a72b fields=1/0,
TCP type=17 obj=46ee7daa05c6865b fields=1/2,3/0,
     prepare hex: 0a 14 08 02 10 02 28 01 32 0a 47 72 6f 75 70 53 65 6e 73 65 40 01 18 ff ff ff 07
TCP type=18 obj=46ee7daa05c6865b fields=(empty body)
TCP type=17 obj=86a543491dee40b7 fields=1/2,3/0,
     prepare hex: 0a 13 08 02 10 02 28 01 32 0b 50 6c 75 67 69 6e 49 64 65 6e 74 18 ff ff ff 07
TCP type=18 obj=86a543491dee40b7 fields=1/0,
TCP type=17 obj=0020cb9363d774fc fields=1/2,3/0,
     prepare hex: 0a 10 08 02 10 02 28 01 32 08 55 6e 69 71 75 65 49 64 18 ff ff ff 07
TCP type=18 obj=0020cb9363d774fc fields=1/0,
TCP type=17 obj=cf84a12d91ee8d5b fields=1/0,2/0,3/0,6/2,
     prepare hex: 08 01 10 02 18 0c 32 0b 50 72 65 73 65 74 20 4c 69 73 74
TCP type=18 obj=cf84a12d91ee8d5b fields=1/2,
TCP type=17 obj=beb95e94d29cb3c1 fields=1/0,2/0,3/0,6/2,
     prepare hex: 08 02 10 02 18 0c 32 0f 53 65 6c 65 63 74 65 64 20 50 72 65 73 65 74
TCP type=18 obj=beb95e94d29cb3c1 fields=1/2,
TCP type=17 obj=0000000005499342 fields=1/0,2/0,
     prepare hex: 08 01 10 02
TCP type=17 obj=00000000051902ca fields=1/0,2/0,
     prepare hex: 08 01 10 02
TCP type=17 obj=3ed0a4d40cbf6309 fields=1/0,2/0,
     prepare hex: 08 02 10 02
TCP type=17 obj=592beebaa6ba91ab fields=1/0,2/0,3/0,4/0,5/0,6/2,9/0,
     prepare hex: 08 02 10 02 18 02 20 01 28 01 32 03 41 2f 42 48 01
TCP type=17 obj=0c7f66c7410f63f0 fields=1/0,2/0,3/0,6/2,
     prepare hex: 08 01 10 02 18 0c 32 0f 48 6f 73 74 20 54 72 61 63 6b 20 4e 61 6d 65
TCP type=17 obj=0c7f66c741808b9a fields=1/0,2/0,3/0,6/2,
     prepare hex: 08 01 10 02 18 0c 32 0f 48 6f 73 74 20 54 72 61 63 6b 20 55 55 49 44
TCP type=18 obj=0c7f66c741808b9a fields=(empty body)
TCP type=17 obj=3dec846af3916475 fields=1/0,2/0,3/0,6/2,
     prepare hex: 08 02 10 02 18 02 32 05 52 45 53 45 54
TCP type=18 obj=3dec846af3916475 fields=1/0,2/2,
TCP type=17 obj=4f81efdde48c86fd fields=1/0,2/0,3/0,6/2,
     prepare hex: 08 02 10 01 18 02 32 05 52 45 53 45 54
TCP type=18 obj=4f81efdde48c86fd fields=1/0,2/2,
TCP type=17 obj=41cea536968c04a6 fields=1/2,
     prepare hex: 0a 1f 08 02 10 01 18 78 32 06 53 63 72 6f 6c 6c 32 0f 53 63 72 6f 6c 6c 20 54 69 6d 65 6c 69 6e 65
TCP type=17 obj=e6a2a9491020701c fields=1/2,
     prepare hex: 0a 1f 08 02 10 01 18 78 32 06 53 63 72 6f 6c 6c 32 0f 53 63 72 6f 6c 6c 20 54 69 6d 65 6c 69 6e 65
TCP type=17 obj=000000021ca5df24 fields=1/0,2/2,6/0,7/0,
     prepare hex: 08 02 12 10 56 75 50 70 6d 20 4d 65 74 65 72 20 44 61 74 61 30 02 38 01
TCP type=17 obj=0cc6798ab2175195 fields=1/0,2/2,5/0,6/0,7/0,
     prepare hex: 08 02 12 14 54 65 78 74 56 75 50 70 6d 20 4d 65 74 65 72 20 44 61 74 61 28 01 30 02 38 04
TCP type=17 obj=000040a856dd7876 fields=1/0,2/2,4/0,5/0,6/0,7/0,
     prepare hex: 08 02 12 12 42 61 72 50 65 61 6b 20 4d 65 74 65 72 20 44 61 74 61 20 02 28 02 30 02 38 04
TCP type=17 obj=000000a3e2720a9b fields=1/0,2/2,4/0,5/0,6/0,7/0,
     prepare hex: 08 02 12 11 42 61 72 52 6d 73 20 4d 65 74 65 72 20 44 61 74 61 20 02 28 03 30 02 38 04
TCP type=17 obj=002061852c796b7a fields=1/0,2/2,4/0,5/0,6/0,7/0,
     prepare hex: 08 02 12 13 54 65 78 74 50 65 61 6b 20 4d 65 74 65 72 20 44 61 74 61 20 02 28 04 30 02 38 04
TCP type=17 obj=000052130fa6474f fields=1/0,2/2,4/0,5/0,6/0,7/0,
     prepare hex: 08 02 12 12 54 65 78 74 52 6d 73 20 4d 65 74 65 72 20 44 61 74 61 20 02 28 05 30 02 38 04
TCP type=17 obj=db1eb3a615afc5aa fields=1/0,2/2,5/0,6/0,
     prepare hex: 08 02 12 16 43 6f 72 72 65 6c 61 74 69 6f 6e 20 4d 65 74 65 72 20 44 61 74 61 28 06 30 01
TCP type=17 obj=82d613914ce4f468 fields=1/0,2/2,5/0,6/0,
     prepare hex: 08 02 12 18 53 74 65 72 65 6f 42 61 6c 61 6e 63 65 20 4d 65 74 65 72 20 44 61 74 61 28 07 30 01
TCP type=17 obj=6ca2dc2169169624 fields=1/0,2/2,5/0,6/0,
     prepare hex: 08 02 12 1d 4c 6f 75 64 6e 65 73 73 5f 4d 6f 6d 65 6e 74 61 72 79 20 4d 65 74 65 72 20 44 61 74 61 28 0b 30 01
TCP type=17 obj=6d8706c2eb6422d0 fields=1/0,2/2,5/0,6/0,
     prepare hex: 08 02 12 1d 4c 6f 75 64 6e 65 73 73 5f 53 68 6f 72 74 54 65 72 6d 20 4d 65 74 65 72 20 44 61 74 61 28 0c 30 01
TCP type=17 obj=75ad4936bbbd92e7 fields=1/0,2/2,5/0,6/0,
     prepare hex: 08 02 12 1c 4c 6f 75 64 6e 65 73 73 5f 52 61 6e 67 65 4c 6f 77 20 4d 65 74 65 72 20 44 61 74 61 28 0d 30 01
TCP type=17 obj=6d5de298118b1db1 fields=1/0,2/2,5/0,6/0,
     prepare hex: 08 02 12 1d 4c 6f 75 64 6e 65 73 73 5f 52 61 6e 67 65 48 69 67 68 20 4d 65 74 65 72 20 44 61 74 61 28 0e 30 01
TCP type=18 obj=63d0502abc8fd091 fields=1/0,2/2,
TCP type=18 obj=72fddd20bafd4556 fields=1/0,2/2,
TCP type=18 obj=822b6a16b96aba1b fields=1/0,2/2,
TCP type=18 obj=9158f70cb7d82ee0 fields=1/0,2/2,
TCP type=18 obj=a0868402b645a3a5 fields=1/0,2/2,
TCP type=17 obj=75ad4cf37809a2c4 fields=1/2,2/5,3/0,4/0,
     prepare hex: 0a 39 08 01 12 0e 53 68 6f 72 74 2d 54 65 72 6d 20 4d 61 78 1a 04 4c 4b 46 53 28 16 30 01 38 02 41 00 00 00 00 00 6a f8 c0 49 00 00 00 00 00 38 8f 40 51 00 00 00 00 00 6a f8 c0 15 00 50 c3 c7 18 01 20 01
TCP type=18 obj=afb410f8b4b3186a fields=1/0,2/2,
TCP type=18 obj=bee19deeb3208d2f fields=1/0,2/2,
TCP type=18 obj=817af81dc712141b fields=1/0,2/2,
TCP type=17 obj=00000000000cf1a7 fields=1/0,2/2,5/0,6/0,
     prepare hex: 08 02 12 0e 52 74 61 20 4d 65 74 65 72 20 44 61 74 61 28 08 30 1f
TCP type=17 obj=000052130fa64a00 fields=1/0,2/2,5/0,6/0,
     prepare hex: 08 02 12 12 54 65 78 74 52 74 61 20 4d 65 74 65 72 20 44 61 74 61 28 09 30 1f
TCP type=17 obj=0b94368d39bffc21 fields=1/0,2/2,5/0,6/0,
     prepare hex: 08 02 12 14 4c 69 73 73 61 6a 6f 75 73 20 4d 65 74 65 72 20 44 61 74 61 28 0a 30 d9 85 01
TCP type=17 obj=8b4c6fce7abbbd6b fields=1/0,2/2,5/0,6/0,
     prepare hex: 08 02 12 23 4c 6f 75 64 6e 65 73 73 5f 43 6f 6d 70 6c 65 74 65 48 69 73 74 6f 72 79 20 4d 65 74 65 72 20 44 61 74 61 28 19 30 83 06
TCP type=17 obj=cf63f22b7613af1d fields=1/0,2/2,5/0,6/0,
     prepare hex: 08 02 12 25 4c 6f 75 64 6e 65 73 73 5f 53 63 72 6f 6c 6c 61 62 6c 65 48 69 73 74 6f 72 79 20 4d 65 74 65 72 20 44 61 74 61 28 1a 30 e5 04
TCP type=17 obj=6be03e624c48f882 fields=1/0,2/2,5/0,6/0,
     prepare hex: 08 02 12 1d 4c 6f 75 64 6e 65 73 73 5f 48 69 73 74 6f 67 72 61 6d 20 4d 65 74 65 72 20 44 61 74 61 28 1b 30 78
TCP type=16 obj=0000011c5f7a0579 fields=(empty body)
UDP src=62097 typed=1 UNTYPED=0  types=14:1 
UDP src=62097 typed=1029 UNTYPED=1  untyped: n3=2 first=[-36.00 .. -36.00]  types=1:1 2:111 3:111 4:111 5:111 6:111 7:111 10:357 11:1 12:1 13:1 23:1 24:1 
UDP src=62097 typed=1070 UNTYPED=0  types=2:115 3:115 4:115 5:115 6:115 7:115 10:380 
TCP type=17 obj=75ad4cf37809a2bf fields=1/2,2/5,3/0,4/0,
     prepare hex: 0a 38 08 02 12 0d 54 72 75 65 20 50 65 61 6b 20 4d 61 78 1a 04 64 42 46 53 28 11 30 01 38 02 41 00 00 00 60 66 66 61 c0 49 00 00 00 00 00 00 5e 40 51 00 00 00 60 66 66 61 c0 15 00 50 c3 c7 18 01 20 01
TCP type=17 obj=75ad4cf37809a2c0 fields=1/2,2/5,3/0,4/0,
     prepare hex: 0a 39 08 02 12 0e 53 68 6f 72 74 2d 54 65 72 6d 20 4d 61 78 1a 04 4c 55 46 53 28 12 30 01 38 02 41 00 00 00 00 00 80 51 c0 49 00 00 00 00 00 00 64 40 51 00 00 00 00 00 80 51 c0 15 00 50 c3 c7 18 01 20 01
TCP type=17 obj=75ad4cf37809a2c1 fields=1/2,2/5,4/0,
     prepare hex: 0a 2a 08 02 12 03 50 4c 52 1a 02 4c 55 28 13 30 01 41 00 00 00 00 00 00 f0 bf 49 00 00 00 00 00 00 5e 40 51 00 00 00 00 00 00 f0 bf 15 00 50 c3 c7 20 01
TCP type=17 obj=75ad4cf37809a2c2 fields=1/2,2/5,4/0,
     prepare hex: 0a 2a 08 02 12 03 50 53 52 1a 02 4c 55 28 14 30 01 41 00 00 00 00 00 00 f0 bf 49 00 00 00 00 00 00 5e 40 51 00 00 00 00 00 00 f0 bf 15 00 50 c3 c7 20 01
TCP type=18 obj=2643402e9151f97a fields=(empty body)
TCP type=18 obj=54ecd560fed9a72b fields=(empty body)
TCP type=18 obj=86a543491dee40b7 fields=(empty body)
TCP type=18 obj=0020cb9363d774fc fields=(empty body)
TCP type=17 obj=75ad4cf37809a2c4 fields=1/2,2/5,
     prepare hex: 0a 2c 08 01 12 09 4e 6f 20 53 6f 75 72 63 65 28 16 30 01 41 00 00 00 00 00 6a f8 c0 49 00 00 00 00 00 38 8f 40 51 00 00 00 00 00 6a f8 c0 15 00 50 c3 c7
UDP src=61219 typed=103 UNTYPED=1  untyped: n3=2 first=[-36.00 .. -36.00]  types=1:1 2:10 3:10 4:10 5:10 6:10 7:10 10:29 11:1 12:1 13:1 14:1 15:1 16:1 17:1 18:1 19:1 20:1 21:1 23:1 24:1 
UDP src=62097 typed=945 UNTYPED=0  types=2:101 3:101 4:101 5:101 6:101 7:101 10:339 
UDP src=61219 typed=1085 UNTYPED=0  types=2:117 3:117 4:117 5:117 6:117 7:117 10:383 
UDP src=62097 typed=1087 UNTYPED=0  types=2:117 3:117 4:117 5:118 6:117 7:117 10:384 
UDP src=61219 typed=1087 UNTYPED=0  types=2:117 3:117 4:117 5:117 6:117 7:118 10:384 
UDP src=62097 typed=1085 UNTYPED=0  types=2:117 3:117 4:117 5:116 6:117 7:117 10:384 
TCP type=18 obj=92b79049de04eac5 fields=1/1,
UDP src=61219 typed=894 UNTYPED=23  untyped: n3=2 first=[-36.00 .. -36.00]  types=1:23 2:94 3:94 4:94 5:94 6:94 7:93 10:308 
UDP src=62097 typed=896 UNTYPED=23  untyped: n3=2 first=[-36.00 .. -36.00]  types=1:24 2:94 3:94 4:94 5:94 6:94 7:94 10:308 
UDP src=61219 typed=116 UNTYPED=116  untyped: n3=2 first=[-36.00 .. -36.00]  types=1:116 
UDP src=62097 typed=116 UNTYPED=116  untyped: n3=2 first=[-36.00 .. -36.00]  types=1:116 
UDP src=61219 typed=116 UNTYPED=115  untyped: n3=2 first=[-36.00 .. -36.00]  types=1:116 
UDP src=62097 typed=114 UNTYPED=115  untyped: n3=2 first=[-36.00 .. -36.00]  types=1:114 
UDP src=61219 typed=112 UNTYPED=112  untyped: n3=2 first=[-36.00 .. -36.00]  types=1:112 
UDP src=62097 typed=112 UNTYPED=112  untyped: n3=2 first=[-36.00 .. -36.00]  types=1:112 
UDP src=61219 typed=118 UNTYPED=118  untyped: n3=2 first=[-36.00 .. -36.00]  types=1:118 
UDP src=62097 typed=118 UNTYPED=118  untyped: n3=2 first=[-36.00 .. -36.00]  types=1:118 
UDP src=61219 typed=116 UNTYPED=116  untyped: n3=2 first=[-36.00 .. -36.00]  types=1:116 
UDP src=62097 typed=116 UNTYPED=116  untyped: n3=2 first=[-36.00 .. -36.00]  types=1:116 
UDP src=61219 typed=112 UNTYPED=113  untyped: n3=2 first=[-36.00 .. -36.00]  types=1:112 
UDP src=62097 typed=114 UNTYPED=113  untyped: n3=2 first=[-36.00 .. -36.00]  types=1:114 
UDP src=61219 typed=110 UNTYPED=109  untyped: n3=2 first=[-36.00 .. -36.00]  types=1:110 
UDP src=62097 typed=108 UNTYPED=109  untyped: n3=2 first=[-36.00 .. -36.00]  types=1:108 
UDP src=61219 typed=112 UNTYPED=112  untyped: n3=2 first=[-36.00 .. -36.00]  types=1:112 
UDP src=62097 typed=112 UNTYPED=112  untyped: n3=2 first=[-36.00 .. -36.00]  types=1:112 
UDP src=61219 typed=112 UNTYPED=112  untyped: n3=2 first=[-36.00 .. -36.00]  types=1:112 
UDP src=62097 typed=112 UNTYPED=112  untyped: n3=2 first=[-36.00 .. -36.00]  types=1:112 
UDP src=61219 typed=110 UNTYPED=111  untyped: n3=2 first=[-36.00 .. -36.00]  types=1:110 
UDP src=62097 typed=112 UNTYPED=111  untyped: n3=2 first=[-36.00 .. -36.00]  types=1:112 
UDP src=61219 typed=112 UNTYPED=112  untyped: n3=2 first=[-36.00 .. -7.64]  types=1:112 
UDP src=62097 typed=112 UNTYPED=112  untyped: n3=2 first=[-36.00 .. -7.64]  types=1:112 
UDP src=61219 typed=108 UNTYPED=107  untyped: n3=2 first=[-7.56 .. -7.02]  types=1:108 
UDP src=62097 typed=106 UNTYPED=108  untyped: n3=2 first=[-7.56 .. -7.02]  types=1:106 
UDP src=61219 typed=110 UNTYPED=111  untyped: n3=2 first=[-36.00 .. -7.35]  types=1:110 
UDP src=62097 typed=112 UNTYPED=110  untyped: n3=2 first=[-36.00 .. -7.35]  types=1:112 
UDP src=61219 typed=109 UNTYPED=109  untyped: n3=2 first=[-36.00 .. -36.00]  types=1:109 
UDP src=62097 typed=108 UNTYPED=110  untyped: n3=2 first=[-36.00 .. -36.00]  types=1:108 
UDP src=61219 typed=112 UNTYPED=112  untyped: n3=2 first=[-36.00 .. -6.91]  types=1:112 
UDP src=62097 typed=112 UNTYPED=112  untyped: n3=2 first=[-36.00 .. -6.91]  types=1:112 
UDP src=61219 typed=111 UNTYPED=111  untyped: n3=2 first=[-7.60 .. -7.30]  types=1:111 
UDP src=62097 typed=112 UNTYPED=110  untyped: n3=2 first=[-7.60 .. -7.30]  types=1:112 
UDP src=61219 typed=106 UNTYPED=106  untyped: n3=2 first=[-36.00 .. -7.17]  types=1:106 
UDP src=62097 typed=106 UNTYPED=106  untyped: n3=2 first=[-36.00 .. -7.17]  types=1:106 
UDP src=61219 typed=112 UNTYPED=112  untyped: n3=2 first=[-36.00 .. -7.06]  types=1:112 
UDP src=62097 typed=112 UNTYPED=112  untyped: n3=2 first=[-36.00 .. -7.06]  types=1:112 
UDP src=61219 typed=106 UNTYPED=106  untyped: n3=2 first=[-7.65 .. -7.05]  types=1:106 
UDP src=62097 typed=106 UNTYPED=106  untyped: n3=2 first=[-7.65 .. -7.05]  types=1:106 
UDP src=61219 typed=112 UNTYPED=111  untyped: n3=2 first=[-36.00 .. -7.29]  types=1:112 
UDP src=62097 typed=110 UNTYPED=111  untyped: n3=2 first=[-36.00 .. -7.29]  types=1:110 
UDP src=61219 typed=112 UNTYPED=112  untyped: n3=2 first=[-36.00 .. -36.00]  types=1:112 
UDP src=62097 typed=112 UNTYPED=112  untyped: n3=2 first=[-36.00 .. -36.00]  types=1:112 
UDP src=61219 typed=107 UNTYPED=108  untyped: n3=2 first=[-36.00 .. -7.02]  types=1:107 
UDP src=62097 typed=108 UNTYPED=109  untyped: n3=2 first=[-36.00 .. -7.02]  types=1:108 
UDP src=61219 typed=111 UNTYPED=111  untyped: n3=2 first=[-36.00 .. -7.31]  types=1:111 
UDP src=62097 typed=112 UNTYPED=110  untyped: n3=2 first=[-36.00 .. -7.31]  types=1:112 
UDP src=61219 typed=108 UNTYPED=108  untyped: n3=2 first=[-36.00 .. -36.00]  types=1:108 
UDP src=62097 typed=108 UNTYPED=108  untyped: n3=2 first=[-36.00 .. -36.00]  types=1:108 
UDP src=61219 typed=112 UNTYPED=112  untyped: n3=2 first=[-36.00 .. -36.00]  types=1:112 
UDP src=62097 typed=112 UNTYPED=112  untyped: n3=2 first=[-36.00 .. -36.00]  types=1:112 
UDP src=61219 typed=110 UNTYPED=110  untyped: n3=2 first=[-36.00 .. -36.00]  types=1:110 
UDP src=62097 typed=110 UNTYPED=110  untyped: n3=2 first=[-36.00 .. -36.00]  types=1:110 
UDP src=61219 typed=108 UNTYPED=108  untyped: n3=2 first=[-36.00 .. -36.00]  types=1:108 
UDP src=62097 typed=108 UNTYPED=108  untyped: n3=2 first=[-36.00 .. -36.00]  types=1:108 
UDP src=61219 typed=111 UNTYPED=111  untyped: n3=2 first=[-36.00 .. -11.88]  types=1:111 
UDP src=62097 typed=110 UNTYPED=112  untyped: n3=2 first=[-36.00 .. -11.88]  types=1:110 
UDP src=61219 typed=107 UNTYPED=107  untyped: n3=2 first=[-12.01 .. -1.83]  types=1:107 
UDP src=62097 typed=108 UNTYPED=106  untyped: n3=2 first=[-12.01 .. -1.83]  types=1:108 
UDP src=61219 typed=112 UNTYPED=111  untyped: n3=2 first=[-2.01 .. -1.89]  types=1:112 
UDP src=62097 typed=110 UNTYPED=111  untyped: n3=2 first=[-2.01 .. -1.89]  types=1:110 
UDP src=61219 typed=110 UNTYPED=111  untyped: n3=2 first=[-2.01 .. 3.00]  types=1:110 
UDP src=62097 typed=112 UNTYPED=111  untyped: n3=2 first=[-2.01 .. 3.00]  types=1:112 
UDP src=61219 typed=106 UNTYPED=106  untyped: n3=2 first=[-6.97 .. 3.00]  types=1:106 
UDP src=62097 typed=106 UNTYPED=106  untyped: n3=2 first=[-6.97 .. 3.00]  types=1:106 
UDP src=61219 typed=112 UNTYPED=112  untyped: n3=2 first=[-36.00 .. 3.00]  types=1:112 
UDP src=62097 typed=112 UNTYPED=112  untyped: n3=2 first=[-36.00 .. 3.00]  types=1:112 
UDP src=61219 typed=106 UNTYPED=105  untyped: n3=2 first=[3.00 .. 3.00]  types=1:106 
UDP src=62097 typed=104 UNTYPED=105  untyped: n3=2 first=[3.00 .. 3.00]  types=1:104 
UDP src=61219 typed=110 UNTYPED=111  untyped: n3=2 first=[-36.00 .. 3.00]  types=1:110 
UDP src=62097 typed=112 UNTYPED=111  untyped: n3=2 first=[-36.00 .. 3.00]  types=1:112 
UDP src=61219 typed=112 UNTYPED=111  untyped: n3=2 first=[-36.00 .. -36.00]  types=1:112 
UDP src=62097 typed=110 UNTYPED=111  untyped: n3=2 first=[-36.00 .. -36.00]  types=1:110 
UDP src=61219 typed=108 UNTYPED=108  untyped: n3=2 first=[-36.00 .. -36.00]  types=1:108 
UDP src=62097 typed=108 UNTYPED=108  untyped: n3=2 first=[-36.00 .. -36.00]  types=1:108 
UDP src=61219 typed=110 UNTYPED=110  untyped: n3=2 first=[-36.00 .. -36.00]  types=1:110 
UDP src=62097 typed=110 UNTYPED=110  untyped: n3=2 first=[-36.00 .. -36.00]  types=1:110 
UDP src=61219 typed=106 UNTYPED=107  untyped: n3=2 first=[-36.00 .. -36.00]  types=1:106 
UDP src=62097 typed=108 UNTYPED=107  untyped: n3=2 first=[-36.00 .. -36.00]  types=1:108 
UDP src=61219 typed=112 UNTYPED=111  untyped: n3=2 first=[-36.00 .. -36.00]  types=1:112 
UDP src=62097 typed=110 UNTYPED=111  untyped: n3=2 first=[-36.00 .. -36.00]  types=1:110 
UDP src=61219 typed=110 UNTYPED=111  untyped: n3=2 first=[-36.00 .. -36.00]  types=1:110 
UDP src=62097 typed=112 UNTYPED=111  untyped: n3=2 first=[-36.00 .. -36.00]  types=1:112 
UDP src=61219 typed=106 UNTYPED=106  untyped: n3=2 first=[-36.00 .. -36.00]  types=1:106 
UDP src=62097 typed=106 UNTYPED=106  untyped: n3=2 first=[-36.00 .. -36.00]  types=1:106 
UDP src=61219 typed=112 UNTYPED=112  untyped: n3=2 first=[-36.00 .. -36.00]  types=1:112 
UDP src=62097 typed=112 UNTYPED=112  untyped: n3=2 first=[-36.00 .. -36.00]  types=1:112 
UDP src=61219 typed=111 UNTYPED=111  untyped: n3=2 first=[-36.00 .. -36.00]  types=1:111 
UDP src=62097 typed=110 UNTYPED=112  untyped: n3=2 first=[-36.00 .. -36.00]  types=1:110 
UDP src=61219 typed=111 UNTYPED=111  untyped: n3=2 first=[-36.00 .. -36.00]  types=1:111 
UDP src=62097 typed=112 UNTYPED=110  untyped: n3=2 first=[-36.00 .. -36.00]  types=1:112 
UDP src=61219 typed=110 UNTYPED=110  untyped: n3=2 first=[-36.00 .. -36.00]  types=1:110 
UDP src=62097 typed=110 UNTYPED=110  untyped: n3=2 first=[-36.00 .. -36.00]  types=1:110 
UDP src=61219 typed=112 UNTYPED=111  untyped: n3=2 first=[-36.00 .. -36.00]  types=1:112 
UDP src=62097 typed=110 UNTYPED=111  untyped: n3=2 first=[-36.00 .. -36.00]  types=1:110 
UDP src=61219 typed=110 UNTYPED=111  untyped: n3=2 first=[-36.00 .. -36.00]  types=1:110 
UDP src=62097 typed=112 UNTYPED=111  untyped: n3=2 first=[-36.00 .. -36.00]  types=1:112 
UDP src=61219 typed=112 UNTYPED=111  untyped: n3=2 first=[-36.00 .. -36.00]  types=1:112 
UDP src=62097 typed=110 UNTYPED=111  untyped: n3=2 first=[-36.00 .. -36.00]  types=1:110 
UDP src=61219 typed=110 UNTYPED=110  untyped: n3=2 first=[-36.00 .. -36.00]  types=1:110 
UDP src=62097 typed=110 UNTYPED=110  untyped: n3=2 first=[-36.00 .. -36.00]  types=1:110 
UDP src=61219 typed=110 UNTYPED=111  untyped: n3=2 first=[-36.00 .. -36.00]  types=1:110 
UDP src=62097 typed=112 UNTYPED=111  untyped: n3=2 first=[-36.00 .. -36.00]  types=1:112 
UDP src=61219 typed=112 UNTYPED=112  untyped: n3=2 first=[-36.00 .. -36.00]  types=1:112 
UDP src=62097 typed=112 UNTYPED=112  untyped: n3=2 first=[-36.00 .. -36.00]  types=1:112 
UDP src=61219 typed=112 UNTYPED=112  untyped: n3=2 first=[-36.00 .. -36.00]  types=1:112 
UDP src=62097 typed=112 UNTYPED=112  untyped: n3=2 first=[-36.00 .. -36.00]  types=1:112 
UDP src=61219 typed=112 UNTYPED=111  untyped: n3=2 first=[-36.00 .. -36.00]  types=1:112 
UDP src=62097 typed=110 UNTYPED=111  untyped: n3=2 first=[-36.00 .. -36.00]  types=1:110 
UDP src=61219 typed=110 UNTYPED=111  untyped: n3=2 first=[-36.00 .. -36.00]  types=1:110 
UDP src=62097 typed=112 UNTYPED=111  untyped: n3=2 first=[-36.00 .. -36.00]  types=1:112 
UDP src=61219 typed=112 UNTYPED=111  untyped: n3=2 first=[-36.00 .. -36.00]  types=1:112 
UDP src=62097 typed=110 UNTYPED=111  untyped: n3=2 first=[-36.00 .. -36.00]  types=1:110 
UDP src=61219 typed=111 UNTYPED=112  untyped: n3=2 first=[-36.00 .. -36.00]  types=1:111 
UDP src=62097 typed=112 UNTYPED=113  untyped: n3=2 first=[-36.00 .. -36.00]  types=1:112 
UDP src=61219 typed=111 UNTYPED=111  untyped: n3=2 first=[-36.00 .. -36.00]  types=1:111 
UDP src=62097 typed=112 UNTYPED=110  untyped: n3=2 first=[-36.00 .. -36.00]  types=1:112 
UDP src=61219 typed=111 UNTYPED=111  untyped: n3=2 first=[-36.00 .. -36.00]  types=1:111 
UDP src=62097 typed=110 UNTYPED=112  untyped: n3=2 first=[-36.00 .. -36.00]  types=1:110 
UDP src=61219 typed=111 UNTYPED=111  untyped: n3=2 first=[-36.00 .. -36.00]  types=1:111 
UDP src=62097 typed=112 UNTYPED=110  untyped: n3=2 first=[-36.00 .. -36.00]  types=1:112 
UDP src=61219 typed=112 UNTYPED=112  untyped: n3=2 first=[-36.00 .. -36.00]  types=1:112 
UDP src=62097 typed=112 UNTYPED=112  untyped: n3=2 first=[-36.00 .. -36.00]  types=1:112 
UDP src=61219 typed=112 UNTYPED=112  untyped: n3=2 first=[-36.00 .. -36.00]  types=1:112 
UDP src=62097 typed=112 UNTYPED=112  untyped: n3=2 first=[-36.00 .. -36.00]  types=1:112 
UDP src=61219 typed=112 UNTYPED=112  untyped: n3=2 first=[-36.00 .. -36.00]  types=1:112 
UDP src=62097 typed=112 UNTYPED=112  untyped: n3=2 first=[-36.00 .. -36.00]  types=1:112 
UDP src=61219 typed=111 UNTYPED=111  untyped: n3=2 first=[-36.00 .. -36.00]  types=1:111 
UDP src=62097 typed=110 UNTYPED=112  untyped: n3=2 first=[-36.00 .. -36.00]  types=1:110 
UDP src=61219 typed=111 UNTYPED=111  untyped: n3=2 first=[-36.00 .. -36.00]  types=1:111 
UDP src=62097 typed=112 UNTYPED=110  untyped: n3=2 first=[-36.00 .. -36.00]  types=1:112 
UDP src=61219 typed=112 UNTYPED=111  untyped: n3=2 first=[-36.00 .. -36.00]  types=1:112 
UDP src=62097 typed=110 UNTYPED=111  untyped: n3=2 first=[-36.00 .. -36.00]  types=1:110 
UDP src=61219 typed=110 UNTYPED=110  untyped: n3=2 first=[-36.00 .. -36.00]  types=1:110 
UDP src=62097 typed=110 UNTYPED=110  untyped: n3=2 first=[-36.00 .. -36.00]  types=1:110 
UDP src=61219 typed=110 UNTYPED=111  untyped: n3=2 first=[-36.00 .. -36.00]  types=1:110 
UDP src=62097 typed=112 UNTYPED=111  untyped: n3=2 first=[-36.00 .. -36.00]  types=1:112 
UDP src=61219 typed=110 UNTYPED=110  untyped: n3=2 first=[-36.00 .. -36.00]  types=1:110 
UDP src=62097 typed=110 UNTYPED=110  untyped: n3=2 first=[-36.00 .. -36.00]  types=1:110 
UDP src=61219 typed=112 UNTYPED=111  untyped: n3=2 first=[-36.00 .. -36.00]  types=1:112 
UDP src=62097 typed=110 UNTYPED=111  untyped: n3=2 first=[-36.00 .. -36.00]  types=1:110 
UDP src=61219 typed=110 UNTYPED=111  untyped: n3=2 first=[-36.00 .. -36.00]  types=1:110 
UDP src=62097 typed=112 UNTYPED=111  untyped: n3=2 first=[-36.00 .. -36.00]  types=1:112 
UDP src=61219 typed=112 UNTYPED=111  untyped: n3=2 first=[-36.00 .. -36.00]  types=1:112 
UDP src=62097 typed=110 UNTYPED=111  untyped: n3=2 first=[-36.00 .. -36.00]  types=1:110 
UDP src=61219 typed=110 UNTYPED=111  untyped: n3=2 first=[-36.00 .. -36.00]  types=1:110 
UDP src=62097 typed=112 UNTYPED=111  untyped: n3=2 first=[-36.00 .. -36.00]  types=1:112 
UDP src=61219 typed=110 UNTYPED=110  untyped: n3=2 first=[-36.00 .. -36.00]  types=1:110 
UDP src=62097 typed=110 UNTYPED=110  untyped: n3=2 first=[-36.00 .. -36.00]  types=1:110 
UDP src=61219 typed=111 UNTYPED=111  untyped: n3=2 first=[-36.00 .. -36.00]  types=1:111 
UDP src=62097 typed=110 UNTYPED=112  untyped: n3=2 first=[-36.00 .. -36.00]  types=1:110 
UDP src=61219 typed=111 UNTYPED=111  untyped: n3=2 first=[-36.00 .. -36.00]  types=1:111 
UDP src=62097 typed=112 UNTYPED=110  untyped: n3=2 first=[-36.00 .. -36.00]  types=1:112 
UDP src=61219 typed=111 UNTYPED=111  untyped: n3=2 first=[-36.00 .. -36.00]  types=1:111 
UDP src=62097 typed=110 UNTYPED=112  untyped: n3=2 first=[-36.00 .. -36.00]  types=1:110 
UDP src=61219 typed=111 UNTYPED=111  untyped: n3=2 first=[-36.00 .. -36.00]  types=1:111 
UDP src=62097 typed=112 UNTYPED=110  untyped: n3=2 first=[-36.00 .. -36.00]  types=1:112 
UDP src=61219 typed=112 UNTYPED=111  untyped: n3=2 first=[-36.00 .. -36.00]  types=1:112 
UDP src=62097 typed=110 UNTYPED=111  untyped: n3=2 first=[-36.00 .. -36.00]  types=1:110 
UDP src=61219 typed=110 UNTYPED=111  untyped: n3=2 first=[-36.00 .. -36.00]  types=1:110 
UDP src=62097 typed=112 UNTYPED=111  untyped: n3=2 first=[-36.00 .. -36.00]  types=1:112 
UDP src=61219 typed=110 UNTYPED=110  untyped: n3=2 first=[-36.00 .. -36.00]  types=1:110 
UDP src=62097 typed=110 UNTYPED=110  untyped: n3=2 first=[-36.00 .. -36.00]  types=1:110 
UDP src=61219 typed=110 UNTYPED=110  untyped: n3=2 first=[-36.00 .. -36.00]  types=1:110 
UDP src=62097 typed=110 UNTYPED=110  untyped: n3=2 first=[-36.00 .. -36.00]  types=1:110 
UDP src=61219 typed=112 UNTYPED=111  untyped: n3=2 first=[-36.00 .. -36.00]  types=1:112 
UDP src=62097 typed=110 UNTYPED=111  untyped: n3=2 first=[-36.00 .. -36.00]  types=1:110 
UDP src=61219 typed=110 UNTYPED=111  untyped: n3=2 first=[-36.00 .. -36.00]  types=1:110 
UDP src=62097 typed=112 UNTYPED=111  untyped: n3=2 first=[-36.00 .. -36.00]  types=1:112 
UDP src=61219 typed=110 UNTYPED=110  untyped: n3=2 first=[-36.00 .. -36.00]  types=1:110 
UDP src=62097 typed=110 UNTYPED=110  untyped: n3=2 first=[-36.00 .. -36.00]  types=1:110 
UDP src=61219 typed=112 UNTYPED=112  untyped: n3=2 first=[-36.00 .. -36.00]  types=1:112 
UDP src=62097 typed=112 UNTYPED=112  untyped: n3=2 first=[-36.00 .. -36.00]  types=1:112 
UDP src=61219 typed=110 UNTYPED=110  untyped: n3=2 first=[-36.00 .. -36.00]  types=1:110 
UDP src=62097 typed=110 UNTYPED=110  untyped: n3=2 first=[-36.00 .. -36.00]  types=1:110 
UDP src=61219 typed=112 UNTYPED=112  untyped: n3=2 first=[-36.00 .. -36.00]  types=1:112 
UDP src=62097 typed=112 UNTYPED=112  untyped: n3=2 first=[-36.00 .. -36.00]  types=1:112 
UDP src=61219 typed=112 UNTYPED=112  untyped: n3=2 first=[-36.00 .. -36.00]  types=1:112 
UDP src=62097 typed=112 UNTYPED=112  untyped: n3=2 first=[-36.00 .. -36.00]  types=1:112 
UDP src=61219 typed=110 UNTYPED=110  untyped: n3=2 first=[-36.00 .. -36.00]  types=1:110 
UDP src=62097 typed=110 UNTYPED=110  untyped: n3=2 first=[-36.00 .. -36.00]  types=1:110 
UDP src=61219 typed=112 UNTYPED=112  untyped: n3=2 first=[-36.00 .. -36.00]  types=1:112 
UDP src=62097 typed=112 UNTYPED=112  untyped: n3=2 first=[-36.00 .. -36.00]  types=1:112 
UDP src=61219 typed=112 UNTYPED=111  untyped: n3=2 first=[-36.00 .. -36.00]  types=1:112 
UDP src=62097 typed=110 UNTYPED=111  untyped: n3=2 first=[-36.00 .. -36.00]  types=1:110 
UDP src=61219 typed=110 UNTYPED=111  untyped: n3=2 first=[-36.00 .. -36.00]  types=1:110 
UDP src=62097 typed=112 UNTYPED=111  untyped: n3=2 first=[-36.00 .. -36.00]  types=1:112 
UDP src=61219 typed=111 UNTYPED=111  untyped: n3=2 first=[-36.00 .. -36.00]  types=1:111 
UDP src=62097 typed=110 UNTYPED=112  untyped: n3=2 first=[-36.00 .. -36.00]  types=1:110 
UDP src=61219 typed=111 UNTYPED=111  untyped: n3=2 first=[-36.00 .. -36.00]  types=1:111 
UDP src=62097 typed=112 UNTYPED=110  untyped: n3=2 first=[-36.00 .. -36.00]  types=1:112 
UDP src=61219 typed=110 UNTYPED=110  untyped: n3=2 first=[-36.00 .. -36.00]  types=1:110 
UDP src=62097 typed=110 UNTYPED=110  untyped: n3=2 first=[-36.00 .. -36.00]  types=1:110 
UDP src=61219 typed=112 UNTYPED=111  untyped: n3=2 first=[-36.00 .. -36.00]  types=1:112 
UDP src=62097 typed=110 UNTYPED=111  untyped: n3=2 first=[-36.00 .. -36.00]  types=1:110 
UDP src=61219 typed=110 UNTYPED=110  untyped: n3=2 first=[-36.00 .. -36.00]  types=1:110 
UDP src=62097 typed=110 UNTYPED=110  untyped: n3=2 first=[-36.00 .. -36.00]  types=1:110 
UDP src=61219 typed=110 UNTYPED=110  untyped: n3=2 first=[-36.00 .. -36.00]  types=1:110 
UDP src=62097 typed=110 UNTYPED=110  untyped: n3=2 first=[-36.00 .. -36.00]  types=1:110 
UDP src=61219 typed=110 UNTYPED=111  untyped: n3=2 first=[-36.00 .. -36.00]  types=1:110 
UDP src=62097 typed=112 UNTYPED=111  untyped: n3=2 first=[-36.00 .. -36.00]  types=1:112 
UDP src=61219 typed=112 UNTYPED=111  untyped: n3=2 first=[-36.00 .. -36.00]  types=1:112 
UDP src=62097 typed=110 UNTYPED=111  untyped: n3=2 first=[-36.00 .. -36.00]  types=1:110 
UDP src=61219 typed=110 UNTYPED=111  untyped: n3=2 first=[-36.00 .. -36.00]  types=1:110 
UDP src=62097 typed=112 UNTYPED=111  untyped: n3=2 first=[-36.00 .. -36.00]  types=1:112 
UDP src=61219 typed=112 UNTYPED=112  untyped: n3=2 first=[-36.00 .. -36.00]  types=1:112 
UDP src=62097 typed=112 UNTYPED=112  untyped: n3=2 first=[-36.00 .. -36.00]  types=1:112 
UDP src=61219 typed=110 UNTYPED=110  untyped: n3=2 first=[-36.00 .. -36.00]  types=1:110 
UDP src=62097 typed=110 UNTYPED=110  untyped: n3=2 first=[-36.00 .. -36.00]  types=1:110 
UDP src=61219 typed=110 UNTYPED=110  untyped: n3=2 first=[-36.00 .. -36.00]  types=1:110 
UDP src=62097 typed=110 UNTYPED=110  untyped: n3=2 first=[-36.00 .. -36.00]  types=1:110 
UDP src=61219 typed=112 UNTYPED=111  untyped: n3=2 first=[-36.00 .. -36.00]  types=1:112 
UDP src=62097 typed=110 UNTYPED=111  untyped: n3=2 first=[-36.00 .. -36.00]  types=1:110 
UDP src=61219 typed=109 UNTYPED=110  untyped: n3=2 first=[-36.00 .. -36.00]  types=1:109 
UDP src=62097 typed=110 UNTYPED=111  untyped: n3=2 first=[-36.00 .. -36.00]  types=1:110 
UDP src=61219 typed=109 UNTYPED=109  untyped: n3=2 first=[-36.00 .. -36.00]  types=1:109 
UDP src=62097 typed=110 UNTYPED=108  untyped: n3=2 first=[-36.00 .. -36.00]  types=1:110 
UDP src=61219 typed=111 UNTYPED=111  untyped: n3=2 first=[-36.00 .. -36.00]  types=1:111 
UDP src=62097 typed=110 UNTYPED=112  untyped: n3=2 first=[-36.00 .. -36.00]  types=1:110 
UDP src=61219 typed=111 UNTYPED=111  untyped: n3=2 first=[-36.00 .. -36.00]  types=1:111 
UDP src=62097 typed=112 UNTYPED=110  untyped: n3=2 first=[-36.00 .. -36.00]  types=1:112 
UDP src=61219 typed=111 UNTYPED=111  untyped: n3=2 first=[-36.00 .. -36.00]  types=1:111 
UDP src=62097 typed=110 UNTYPED=112  untyped: n3=2 first=[-36.00 .. -36.00]  types=1:110 
UDP src=61219 typed=111 UNTYPED=111  untyped: n3=2 first=[-36.00 .. -36.00]  types=1:111 
UDP src=62097 typed=112 UNTYPED=110  untyped: n3=2 first=[-36.00 .. -36.00]  types=1:112 
UDP src=61219 typed=110 UNTYPED=110  untyped: n3=2 first=[-36.00 .. -36.00]  types=1:110 
UDP src=62097 typed=110 UNTYPED=110  untyped: n3=2 first=[-36.00 .. -36.00]  types=1:110 
UDP src=61219 typed=111 UNTYPED=111  untyped: n3=2 first=[-36.00 .. -36.00]  types=1:111 
UDP src=62097 typed=110 UNTYPED=112  untyped: n3=2 first=[-36.00 .. -36.00]  types=1:110 
UDP src=61219 typed=112 UNTYPED=112  untyped: n3=2 first=[-36.00 .. -36.00]  types=1:112 
UDP src=62097 typed=112 UNTYPED=112  untyped: n3=2 first=[-36.00 .. -36.00]  types=1:112 
UDP src=61219 typed=113 UNTYPED=112  untyped: n3=2 first=[-36.00 .. -36.00]  types=1:113 
UDP src=62097 typed=112 UNTYPED=111  untyped: n3=2 first=[-36.00 .. -36.00]  types=1:112 
UDP src=61219 typed=108 UNTYPED=109  untyped: n3=2 first=[-36.00 .. -36.00]  types=1:108 
UDP src=62097 typed=110 UNTYPED=109  untyped: n3=2 first=[-36.00 .. -36.00]  types=1:110 
UDP src=61219 typed=112 UNTYPED=111  untyped: n3=2 first=[-36.00 .. -36.00]  types=1:112 
UDP src=62097 typed=111 UNTYPED=112  untyped: n3=2 first=[-36.00 .. -36.00]  types=1:111 
UDP src=61219 typed=112 UNTYPED=112  untyped: n3=2 first=[-36.00 .. -36.00]  types=1:112 
UDP src=62097 typed=111 UNTYPED=111  untyped: n3=2 first=[-36.00 .. -36.00]  types=1:111 
UDP src=61219 typed=110 UNTYPED=111  untyped: n3=2 first=[-36.00 .. -36.00]  types=1:110 
UDP src=62097 typed=112 UNTYPED=111  untyped: n3=2 first=[-36.00 .. -36.00]  types=1:112 
UDP src=61219 typed=110 UNTYPED=110  untyped: n3=2 first=[-36.00 .. -36.00]  types=1:110 
UDP src=62097 typed=110 UNTYPED=110  untyped: n3=2 first=[-36.00 .. -36.00]  types=1:110 
UDP src=61219 typed=113 UNTYPED=113  untyped: n3=2 first=[-36.00 .. -36.00]  types=1:113 
UDP src=62097 typed=112 UNTYPED=114  untyped: n3=2 first=[-36.00 .. -36.00]  types=1:112 
UDP src=61219 typed=110 UNTYPED=110  untyped: n3=2 first=[-36.00 .. -36.00]  types=1:110 
UDP src=62097 typed=110 UNTYPED=110  untyped: n3=2 first=[-36.00 .. -36.00]  types=1:110 
UDP src=61219 typed=111 UNTYPED=111  untyped: n3=2 first=[-36.00 .. -36.00]  types=1:111 
UDP src=62097 typed=112 UNTYPED=110  untyped: n3=2 first=[-36.00 .. -36.00]  types=1:112 
UDP src=61219 typed=114 UNTYPED=113  untyped: n3=2 first=[-36.00 .. -36.00]  types=1:114 
UDP src=62097 typed=112 UNTYPED=113  untyped: n3=2 first=[-36.00 .. -36.00]  types=1:112 
UDP src=61219 typed=110 UNTYPED=111  untyped: n3=2 first=[-36.00 .. -36.00]  types=1:110 
UDP src=62097 typed=112 UNTYPED=111  untyped: n3=2 first=[-36.00 .. -36.00]  types=1:112 
UDP src=61219 typed=111 UNTYPED=111  untyped: n3=2 first=[-36.00 .. -36.00]  types=1:111 
UDP src=62097 typed=110 UNTYPED=112  untyped: n3=2 first=[-36.00 .. -36.00]  types=1:110 
UDP src=61219 typed=113 UNTYPED=112  untyped: n3=2 first=[-36.00 .. -36.00]  types=1:113 
UDP src=62097 typed=112 UNTYPED=111  untyped: n3=2 first=[-36.00 .. -36.00]  types=1:112 
